[ {
  "severity" : "INFO",
  "id" : "UNUSED_METHOD_ARGUMENT",
  "message" : "UNUSED_METHOD_ARGUMENT",
  "category" : "CFLINT",
  "abbrev" : "UM",
  "locations" : [ {
    "file" : "src/test/resources/com/cflint/tests/UnusedArgument/UnusedArgument_152b.cfc",
    "fileName" : "UnusedArgument_152b.cfc",
    "function" : "helloWorld",
    "column" : "0",
    "line" : "6",
    "message" : "Argument xyzzy is not used in function helloWorld, consider removing it.",
    "variable" : "xyzzy",
    "expression" : ""
  } ]
} ]
